---
source: apps/tui/src/main.rs
assertion_line: 6403
expression: "render_to_string(&mut app, 100, 30)"
---
┌ Repos ────────────────── + ┐┌ Repo: alpha ───────────────────────────────────────────────────────┐
│› alpha                  ✕ +││Name: alpha                                                         │
│› beta                   ✕ +││Path: /tmp/alpha                                                    │
│                            ││Workspaces: 1 active, 1 total                                       │
│                            ││                                                                    │
│                            ││                                                                    │
│                   ┌ Command palette ─────────────────────────────────────────┐                   │
│                   │ > █                                                      │                   │
│                   │ ▸ ws-one  —  alpha                                       │                   │
│                   │   Clean up — ws-one  —  alpha                            │                   │
│                   │   Archive — ws-one  —  alpha                             │                   │
│                   │   New session — ws-one  —  alpha                         │                   │
│                   │   New codex — ws-one  —  alpha                           │                   │
│                   │   New gemini — ws-one  —  alpha                          │                   │
│                   │   New opencode — ws-one  —  alpha                        │                   │
│                   │                                                          │                   │
│                   │                                                          │                   │
│                   │                                                          │                   │
│                   │                                                          │                   │
│                   │                                                          │                   │
│                   │                                                          │                   │
│                   │                                                          │                   │
│                   │ Enter run  ↑↓ move  Esc cancel                           │                   │
│                   └──────────────────────────────────────────────────────────┘                   │
│                            ││                                                                    │
│                            ││                                                                    │
│                            ││                                                                    │
│                            ││                                                                    │
└────────────────────────────┘└────────────────────────────────────────────────────────────────────┘
 TREE  alpha  no live sessions                          Enter open · a repo · w ws · ? help · q quit
