---
source: apps/tui/src/main.rs
expression: "render_to_string(&mut app, 100, 30)"
---
┌ Repos ────────────────── + ┐┌ Repo: alpha ───────────────────────────────────────────────────────┐
│› alpha                  ✕ +││Name: alpha                                                         │
│› beta                   ✕ +││Path: /tmp/alpha                                                    │
│                            ││Workspaces: 1 active, 1 total                                       │
│                            ││                                                                    │
│                            ││                                                                    │
│                            ││                                                                    │
│                            ││                                                                    │
│                            ││                                                                    │
│                            ││                                                                    │
│                            ││                                                                    │
│                            ││                                                                    │
│                            ││                                                                    │
│                            ││                                                                    │
│                            ││                                                                    │
│                            ││                                                                    │
│                            ││                                                                    │
│                            ││                                                                    │
│                            ││                                                                    │
│                            ││                                                                    │
│                            ││                                                                    │
│                            ││                                                                    │
│                            ││                                                                    │
│                            ││                                                                    │
│                            ││                                                                    │
│                            ││                                                                    │
│                            ││                                                                    │
│                            ││                                                                    │
└────────────────────────────┘└────────────────────────────────────────────────────────────────────┘
 TREE  alpha  no live sessions                          Enter open · a repo · w ws · ? help · q quit
